2026-07-07 20:58:13.073 | INFO     | app.main:on_startup:37 - Enterprise RAG Chatbot API starting up...
2026-07-07 21:02:46.392 | INFO     | app.services.vectorstore:__init__:24 - Chroma collection 'enterprise_rag' ready (0 chunks)
2026-07-07 21:09:57.980 | INFO     | app.main:on_startup:37 - Enterprise RAG Chatbot API starting up...
2026-07-07 21:20:50.607 | INFO     | app.services.embeddings:__init__:17 - Loading embedding model: sentence-transformers/all-MiniLM-L6-v2
2026-07-07 21:21:12.858 | INFO     | app.services.ingestion:ingest_file:64 - Ingested 13 chunks from tmp6btqglqe.pdf
2026-07-07 21:37:26.329 | INFO     | app.services.ingestion:ingest_file:64 - Ingested 13 chunks from tmp5roe7s2l.pdf
2026-07-07 21:41:13.028 | INFO     | app.main:on_startup:37 - Enterprise RAG Chatbot API starting up...
2026-07-07 21:42:38.768 | INFO     | app.main:on_startup:37 - Enterprise RAG Chatbot API starting up...
2026-07-07 21:43:26.455 | INFO     | app.main:on_startup:37 - Enterprise RAG Chatbot API starting up...
2026-07-07 21:43:37.000 | INFO     | app.services.vectorstore:__init__:24 - Chroma collection 'enterprise_rag' ready (13 chunks)
2026-07-07 21:43:45.965 | INFO     | app.services.embeddings:__init__:17 - Loading embedding model: sentence-transformers/all-MiniLM-L6-v2
2026-07-07 21:47:44.362 | INFO     | app.services.ingestion:ingest_file:64 - Ingested 7 chunks from tmpqcjwuj4f.pdf
2026-07-07 21:54:11.306 | INFO     | app.main:on_startup:37 - Enterprise RAG Chatbot API starting up...
2026-07-07 21:55:20.056 | INFO     | app.main:on_startup:37 - Enterprise RAG Chatbot API starting up...
2026-07-07 21:57:15.132 | INFO     | app.main:on_startup:37 - Enterprise RAG Chatbot API starting up...
2026-07-07 21:57:15.147 | INFO     | app.services.embeddings:__init__:17 - Loading embedding model: sentence-transformers/all-MiniLM-L6-v2
2026-07-07 21:57:15.148 | INFO     | app.services.embeddings:__init__:17 - Loading embedding model: sentence-transformers/all-MiniLM-L6-v2
2026-07-07 21:57:30.706 | INFO     | app.services.vectorstore:__init__:24 - Chroma collection 'enterprise_rag' ready (7 chunks)
2026-07-07 21:57:30.706 | INFO     | app.services.rag_pipeline:_retrieve:21 - Retrieval request: question='What is this knowledge base about?', top_k=6
2026-07-07 21:57:30.737 | INFO     | app.services.vectorstore:__init__:24 - Chroma collection 'enterprise_rag' ready (7 chunks)
2026-07-07 21:57:30.739 | INFO     | app.services.rag_pipeline:_retrieve:21 - Retrieval request: question='What are TechCorp core values?', top_k=6
2026-07-07 21:57:30.997 | INFO     | app.services.rag_pipeline:_retrieve:42 - Retrieved 1 source(s) (similarity_threshold=0.25)
2026-07-07 21:57:30.997 | INFO     | app.services.rag_pipeline:_retrieve:42 - Retrieved 0 source(s) (similarity_threshold=0.25)
2026-07-07 21:57:30.999 | INFO     | app.services.rag_pipeline:_retrieve:21 - Retrieval request: question='Summarize the key points of the uploaded documents.', top_k=6
2026-07-07 21:57:31.041 | INFO     | app.services.rag_pipeline:_retrieve:42 - Retrieved 1 source(s) (similarity_threshold=0.25)
2026-07-07 21:57:32.707 | INFO     | app.services.rag_pipeline:answer_question:77 - Answered in 17558.8ms using 1 chunks
2026-07-07 21:57:32.709 | INFO     | app.services.rag_pipeline:answer_question:77 - Answered in 1710.3ms using 1 chunks
2026-07-07 21:57:37.045 | INFO     | app.services.evaluation:run_ragas_evaluation:57 - Running RAGAS evaluation on 2 questions...
2026-07-07 21:58:52.409 | INFO     | app.main:on_startup:37 - Enterprise RAG Chatbot API starting up...
2026-07-07 22:00:40.232 | INFO     | app.main:on_startup:37 - Enterprise RAG Chatbot API starting up...
2026-07-07 22:01:00.386 | INFO     | app.main:on_startup:37 - Enterprise RAG Chatbot API starting up...
2026-07-07 22:02:26.986 | INFO     | app.services.vectorstore:__init__:24 - Chroma collection 'enterprise_rag' ready (7 chunks)
2026-07-07 22:02:57.334 | INFO     | app.main:on_startup:37 - Enterprise RAG Chatbot API starting up...
2026-07-07 22:02:57.708 | INFO     | app.services.vectorstore:__init__:24 - Chroma collection 'enterprise_rag' ready (0 chunks)
2026-07-07 22:02:57.709 | INFO     | app.services.vectorstore:__init__:24 - Chroma collection 'enterprise_rag' ready (0 chunks)
2026-07-07 22:02:57.712 | INFO     | app.services.vectorstore:__init__:24 - Chroma collection 'enterprise_rag' ready (0 chunks)
2026-07-07 22:02:57.761 | INFO     | app.services.vectorstore:__init__:24 - Chroma collection 'enterprise_rag' ready (0 chunks)
2026-07-07 22:03:46.344 | INFO     | app.main:on_startup:37 - Enterprise RAG Chatbot API starting up...
2026-07-07 22:03:54.852 | INFO     | app.main:on_startup:37 - Enterprise RAG Chatbot API starting up...
2026-07-07 22:04:03.633 | INFO     | app.main:on_startup:37 - Enterprise RAG Chatbot API starting up...
2026-07-07 22:04:37.701 | INFO     | app.main:on_startup:37 - Enterprise RAG Chatbot API starting up...
2026-07-07 22:04:37.714 | INFO     | app.services.embeddings:__init__:17 - Loading embedding model: sentence-transformers/all-MiniLM-L6-v2
2026-07-07 22:04:47.490 | INFO     | app.services.vectorstore:__init__:24 - Chroma collection 'enterprise_rag' ready (0 chunks)
2026-07-07 22:04:48.999 | INFO     | app.services.ingestion:ingest_file:71 - Ingested 7 chunks from tmppzu63rfw.pdf
2026-07-07 22:05:04.029 | INFO     | app.services.rag_pipeline:_retrieve:21 - Retrieval request: question='summarize the resume', top_k=6
2026-07-07 22:05:04.091 | INFO     | app.services.rag_pipeline:_retrieve:42 - Retrieved 0 source(s) (similarity_threshold=0.25)
2026-07-07 22:07:38.641 | INFO     | app.main:on_startup:38 - Enterprise RAG Chatbot API starting up...
2026-07-07 22:07:59.481 | INFO     | app.main:on_startup:38 - Enterprise RAG Chatbot API starting up...
2026-07-07 22:08:04.025 | INFO     | app.services.embeddings:__init__:17 - Loading embedding model: sentence-transformers/all-MiniLM-L6-v2
2026-07-07 22:08:19.775 | INFO     | app.services.vectorstore:__init__:24 - Chroma collection 'enterprise_rag' ready (7 chunks)
2026-07-07 22:08:19.775 | INFO     | app.services.rag_pipeline:_retrieve:21 - Retrieval request: question='What are TechCorp core values?', top_k=5
2026-07-07 22:08:20.030 | INFO     | app.services.rag_pipeline:_retrieve:42 - Retrieved 1 source(s) (similarity_threshold=0.25)
2026-07-07 22:09:22.757 | INFO     | app.main:on_startup:38 - Enterprise RAG Chatbot API starting up...
2026-07-07 22:10:40.990 | INFO     | app.main:on_startup:37 - Enterprise RAG Chatbot API starting up...
2026-07-07 22:14:29.290 | INFO     | app.main:on_startup:37 - Enterprise RAG Chatbot API starting up...
2026-07-07 22:25:19.994 | INFO     | app.services.vectorstore:__init__:24 - Chroma collection 'enterprise_rag' ready (7 chunks)
2026-07-07 22:27:06.081 | INFO     | app.services.embeddings:__init__:17 - Loading embedding model: sentence-transformers/all-MiniLM-L6-v2
2026-07-07 22:27:10.194 | INFO     | app.main:on_startup:37 - Enterprise RAG Chatbot API starting up...
2026-07-07 22:27:18.271 | INFO     | app.services.ingestion:ingest_file:71 - Ingested 7 chunks from tmpeersasdy.pdf
2026-07-07 22:28:01.325 | INFO     | app.services.rag_pipeline:_retrieve:21 - Retrieval request: question='experiance is', top_k=6
2026-07-07 22:28:01.520 | INFO     | app.services.rag_pipeline:_retrieve:42 - Retrieved 0 source(s) (similarity_threshold=0.25)
2026-07-07 22:29:36.526 | INFO     | app.services.rag_pipeline:_retrieve:21 - Retrieval request: question='What are TechCorp core values?', top_k=6
2026-07-07 22:29:36.811 | INFO     | app.services.rag_pipeline:_retrieve:42 - Retrieved 1 source(s) (similarity_threshold=0.25)
2026-07-07 22:29:38.832 | INFO     | app.api.routes.chat:event_generator:54 - Client disconnected, stopping SSE stream
2026-07-07 22:38:46.999 | INFO     | app.services.rag_pipeline:_retrieve:21 - Retrieval request: question='What is this knowledge base about?', top_k=6
2026-07-07 22:38:48.226 | INFO     | app.services.rag_pipeline:_retrieve:42 - Retrieved 0 source(s) (similarity_threshold=0.25)
2026-07-07 22:38:48.228 | INFO     | app.services.rag_pipeline:_retrieve:21 - Retrieval request: question='Summarize the key points of the uploaded documents.', top_k=6
2026-07-07 22:38:48.338 | INFO     | app.services.rag_pipeline:_retrieve:42 - Retrieved 1 source(s) (similarity_threshold=0.25)
2026-07-07 22:38:49.288 | INFO     | app.services.rag_pipeline:answer_question:77 - Answered in 1058.8ms using 1 chunks
2026-07-07 22:38:56.806 | INFO     | app.services.evaluation:run_ragas_evaluation:57 - Running RAGAS evaluation on 2 questions...
2026-07-07 22:56:55.774 | INFO     | app.services.rag_pipeline:_retrieve:21 - Retrieval request: question='summarize this doc', top_k=6
2026-07-07 22:56:56.697 | INFO     | app.services.rag_pipeline:_retrieve:42 - Retrieved 0 source(s) (similarity_threshold=0.25)
2026-07-07 22:57:32.317 | INFO     | app.main:on_startup:37 - Enterprise RAG Chatbot API starting up...
2026-07-07 23:02:29.584 | INFO     | app.main:on_startup:37 - Enterprise RAG Chatbot API starting up...
